terraform {
  required_providers {
    firehydrant = {
      source  = "firehydrant/firehydrant"
      version = ">= 0.7.1"
    }
  }
}

data "firehydrant_user" "user0" {
  email = "user0@example.com"
}

data "firehydrant_user" "user1" {
  email = "user1@example.com"
}

data "firehydrant_user" "user2" {
  email = "user2@example.com"
}
